{
  "version": "1.5.0",
  "plugins_used": [
    {
      "name": "ArtifactoryDetector"
    },
    {
      "name": "AWSKeyDetector"
    },
    {
      "name": "AzureStorageKeyDetector"
    },
    {
      "name": "Base64HighEntropyString",
      "limit": 4.5
    },
    {
      "name": "BasicAuthDetector"
    },
    {
      "name": "CloudantDetector"
    },
    {
      "name": "DiscordBotTokenDetector"
    },
    {
      "name": "GitHubTokenDetector"
    },
    {
      "name": "GitLabTokenDetector"
    },
    {
      "name": "HexHighEntropyString",
      "limit": 3.0
    },
    {
      "name": "IbmCloudIamDetector"
    },
    {
      "name": "IbmCosHmacDetector"
    },
    {
      "name": "IPPublicDetector"
    },
    {
      "name": "JwtTokenDetector"
    },
    {
      "name": "KeywordDetector",
      "keyword_exclude": ""
    },
    {
      "name": "MailchimpDetector"
    },
    {
      "name": "NpmDetector"
    },
    {
      "name": "OpenAIDetector"
    },
    {
      "name": "PrivateKeyDetector"
    },
    {
      "name": "PypiTokenDetector"
    },
    {
      "name": "SendGridDetector"
    },
    {
      "name": "SlackDetector"
    },
    {
      "name": "SoftlayerDetector"
    },
    {
      "name": "SquareOAuthDetector"
    },
    {
      "name": "StripeDetector"
    },
    {
      "name": "TelegramBotTokenDetector"
    },
    {
      "name": "TwilioKeyDetector"
    }
  ],
  "filters_used": [
    {
      "path": "detect_secrets.filters.allowlist.is_line_allowlisted"
    },
    {
      "path": "detect_secrets.filters.common.is_ignored_due_to_verification_policies",
      "min_level": 2
    },
    {
      "path": "detect_secrets.filters.heuristic.is_indirect_reference"
    },
    {
      "path": "detect_secrets.filters.heuristic.is_likely_id_string"
    },
    {
      "path": "detect_secrets.filters.heuristic.is_lock_file"
    },
    {
      "path": "detect_secrets.filters.heuristic.is_not_alphanumeric_string"
    },
    {
      "path": "detect_secrets.filters.heuristic.is_potential_uuid"
    },
    {
      "path": "detect_secrets.filters.heuristic.is_prefixed_with_dollar_sign"
    },
    {
      "path": "detect_secrets.filters.heuristic.is_sequential_string"
    },
    {
      "path": "detect_secrets.filters.heuristic.is_swagger_file"
    },
    {
      "path": "detect_secrets.filters.heuristic.is_templated_secret"
    }
  ],
  "results": {
    "packages/pi-sidecar/npm-shrinkwrap.json": [
      {
        "type": "Base64 High Entropy String",
        "filename": "packages/pi-sidecar/npm-shrinkwrap.json",
        "hashed_secret": "e0bb572b71ab6d0e52e81bf806b5f7481c97ac3a",
        "is_verified": false,
        "line_number": 50
      },
      {
        "type": "Base64 High Entropy String",
        "filename": "packages/pi-sidecar/npm-shrinkwrap.json",
        "hashed_secret": "b215b734e96e58f8be9a59a871bfe9027d691022",
        "is_verified": false,
        "line_number": 71
      },
      {
        "type": "Base64 High Entropy String",
        "filename": "packages/pi-sidecar/npm-shrinkwrap.json",
        "hashed_secret": "94cf237cc01360bef41faa795a104ce03e2fce7e",
        "is_verified": false,
        "line_number": 81
      },
      {
        "type": "Base64 High Entropy String",
        "filename": "packages/pi-sidecar/npm-shrinkwrap.json",
        "hashed_secret": "be5e83a6a5675b0b68037d3bea73d75520816849",
        "is_verified": false,
        "line_number": 104
      },
      {
        "type": "Base64 High Entropy String",
        "filename": "packages/pi-sidecar/npm-shrinkwrap.json",
        "hashed_secret": "e0484ce2eff2f01aadf0c638ecf50e3d7c47c4fa",
        "is_verified": false,
        "line_number": 123
      },
      {
        "type": "Base64 High Entropy String",
        "filename": "packages/pi-sidecar/npm-shrinkwrap.json",
        "hashed_secret": "d18a150d60654d1ac51b3b3f923a82fa38e1e401",
        "is_verified": false,
        "line_number": 139
      },
      {
        "type": "Base64 High Entropy String",
        "filename": "packages/pi-sidecar/npm-shrinkwrap.json",
        "hashed_secret": "5920938eb6f01d4b1cdb62fe262594f0a7e4018d",
        "is_verified": false,
        "line_number": 157
      },
      {
        "type": "Base64 High Entropy String",
        "filename": "packages/pi-sidecar/npm-shrinkwrap.json",
        "hashed_secret": "09a6b6bff7e53df5f6674ff07aafe6145d402c32",
        "is_verified": false,
        "line_number": 181
      },
      {
        "type": "Base64 High Entropy String",
        "filename": "packages/pi-sidecar/npm-shrinkwrap.json",
        "hashed_secret": "71b7af9141514e8c57467a54d03ce5e38d4cb503",
        "is_verified": false,
        "line_number": 198
      },
      {
        "type": "Base64 High Entropy String",
        "filename": "packages/pi-sidecar/npm-shrinkwrap.json",
        "hashed_secret": "5d5c73c75db4f6b62d7d3631aadd1744a4b68866",
        "is_verified": false,
        "line_number": 220
      },
      {
        "type": "Base64 High Entropy String",
        "filename": "packages/pi-sidecar/npm-shrinkwrap.json",
        "hashed_secret": "a93e797477e5846c2921a4f17e3d68003f1d6c71",
        "is_verified": false,
        "line_number": 236
      },
      {
        "type": "Base64 High Entropy String",
        "filename": "packages/pi-sidecar/npm-shrinkwrap.json",
        "hashed_secret": "c5646aab02a6ded75c14295fe3831d99f749b2bc",
        "is_verified": false,
        "line_number": 254
      },
      {
        "type": "Base64 High Entropy String",
        "filename": "packages/pi-sidecar/npm-shrinkwrap.json",
        "hashed_secret": "cb259273da9f7d220822f715dd435df631f4bb23",
        "is_verified": false,
        "line_number": 271
      },
      {
        "type": "Base64 High Entropy String",
        "filename": "packages/pi-sidecar/npm-shrinkwrap.json",
        "hashed_secret": "af116729cc5c491d6934b4e0b0d2443ad21246a3",
        "is_verified": false,
        "line_number": 288
      },
      {
        "type": "Base64 High Entropy String",
        "filename": "packages/pi-sidecar/npm-shrinkwrap.json",
        "hashed_secret": "842efb3726d4cc6e280c43d3fd4d43515ff29f7d",
        "is_verified": false,
        "line_number": 303
      },
      {
        "type": "Base64 High Entropy String",
        "filename": "packages/pi-sidecar/npm-shrinkwrap.json",
        "hashed_secret": "9dcb57273b463986dfb73f53211556e3a26e02ec",
        "is_verified": false,
        "line_number": 318
      },
      {
        "type": "Base64 High Entropy String",
        "filename": "packages/pi-sidecar/npm-shrinkwrap.json",
        "hashed_secret": "5612979a8c23485440151eac1c0e038eb72302db",
        "is_verified": false,
        "line_number": 336
      },
      {
        "type": "Base64 High Entropy String",
        "filename": "packages/pi-sidecar/npm-shrinkwrap.json",
        "hashed_secret": "277b9c13cc1b7794b5e43620824d5e017eff595d",
        "is_verified": false,
        "line_number": 355
      },
      {
        "type": "Base64 High Entropy String",
        "filename": "packages/pi-sidecar/npm-shrinkwrap.json",
        "hashed_secret": "6d899230d3534be29ae33bd5eb66e662780043ec",
        "is_verified": false,
        "line_number": 370
      },
      {
        "type": "Base64 High Entropy String",
        "filename": "packages/pi-sidecar/npm-shrinkwrap.json",
        "hashed_secret": "d48dd92bf9ffa70f26b78ed1917e6e1e056e0cfb",
        "is_verified": false,
        "line_number": 387
      },
      {
        "type": "Base64 High Entropy String",
        "filename": "packages/pi-sidecar/npm-shrinkwrap.json",
        "hashed_secret": "0eefef3acbab894e743395b13eb4fbb1b6636a03",
        "is_verified": false,
        "line_number": 400
      },
      {
        "type": "Base64 High Entropy String",
        "filename": "packages/pi-sidecar/npm-shrinkwrap.json",
        "hashed_secret": "6a29b3658cf5b5f6e361f60798307cf3a8b5003a",
        "is_verified": false,
        "line_number": 413
      },
      {
        "type": "Base64 High Entropy String",
        "filename": "packages/pi-sidecar/npm-shrinkwrap.json",
        "hashed_secret": "61b438d926a97729d4c06260292d5938f6f496e0",
        "is_verified": false,
        "line_number": 422
      },
      {
        "type": "Base64 High Entropy String",
        "filename": "packages/pi-sidecar/npm-shrinkwrap.json",
        "hashed_secret": "ef92aeeba885ace0e20efdd63417547c53ea705e",
        "is_verified": false,
        "line_number": 431
      },
      {
        "type": "Base64 High Entropy String",
        "filename": "packages/pi-sidecar/npm-shrinkwrap.json",
        "hashed_secret": "e1218b90ce392931c91a624f104265f0352ad67c",
        "is_verified": false,
        "line_number": 444
      },
      {
        "type": "Base64 High Entropy String",
        "filename": "packages/pi-sidecar/npm-shrinkwrap.json",
        "hashed_secret": "5066aeea6036a3e6aa5a1a3232ebc920e592c51c",
        "is_verified": false,
        "line_number": 459
      },
      {
        "type": "Base64 High Entropy String",
        "filename": "packages/pi-sidecar/npm-shrinkwrap.json",
        "hashed_secret": "279ac6ab5a4dfe6d8fcd6f947d9870bd9adafcdc",
        "is_verified": false,
        "line_number": 480
      },
      {
        "type": "Base64 High Entropy String",
        "filename": "packages/pi-sidecar/npm-shrinkwrap.json",
        "hashed_secret": "18ba2d65ce6530eaff2e6973d823fa867262dbfb",
        "is_verified": false,
        "line_number": 489
      },
      {
        "type": "Base64 High Entropy String",
        "filename": "packages/pi-sidecar/npm-shrinkwrap.json",
        "hashed_secret": "a8c86a9ebd94e4a501cabd0f798957a4949929a0",
        "is_verified": false,
        "line_number": 504
      },
      {
        "type": "Base64 High Entropy String",
        "filename": "packages/pi-sidecar/npm-shrinkwrap.json",
        "hashed_secret": "abe92a584271f24aa01aa15a909f940881f9859f",
        "is_verified": false,
        "line_number": 527
      },
      {
        "type": "Base64 High Entropy String",
        "filename": "packages/pi-sidecar/npm-shrinkwrap.json",
        "hashed_secret": "ab8e0185a21ddb6e6f126ca7de3bb28de3ea0ae5",
        "is_verified": false,
        "line_number": 539
      },
      {
        "type": "Base64 High Entropy String",
        "filename": "packages/pi-sidecar/npm-shrinkwrap.json",
        "hashed_secret": "66792154b5b4aa104ac1b68ec097a48912ed0a71",
        "is_verified": false,
        "line_number": 554
      },
      {
        "type": "Base64 High Entropy String",
        "filename": "packages/pi-sidecar/npm-shrinkwrap.json",
        "hashed_secret": "7e95d07821262e60febdd87a051eb3a45026d8bf",
        "is_verified": false,
        "line_number": 589
      },
      {
        "type": "Base64 High Entropy String",
        "filename": "packages/pi-sidecar/npm-shrinkwrap.json",
        "hashed_secret": "10b848a8ccdee5457391ef626b0c61cc3bd9ded9",
        "is_verified": false,
        "line_number": 613
      },
      {
        "type": "Base64 High Entropy String",
        "filename": "packages/pi-sidecar/npm-shrinkwrap.json",
        "hashed_secret": "8b2fbf594f5f1170baa369b833586a38444fec87",
        "is_verified": false,
        "line_number": 622
      },
      {
        "type": "Base64 High Entropy String",
        "filename": "packages/pi-sidecar/npm-shrinkwrap.json",
        "hashed_secret": "7c085f7c6c75c49eaec6b68c6d02fd77c2b80658",
        "is_verified": false,
        "line_number": 636
      },
      {
        "type": "Base64 High Entropy String",
        "filename": "packages/pi-sidecar/npm-shrinkwrap.json",
        "hashed_secret": "f7dc7eb4686044a7d76534b9409a22face9a6750",
        "is_verified": false,
        "line_number": 714
      },
      {
        "type": "Base64 High Entropy String",
        "filename": "packages/pi-sidecar/npm-shrinkwrap.json",
        "hashed_secret": "becb91be20ddfa61ceff775d0b31df7c63c443fd",
        "is_verified": false,
        "line_number": 733
      },
      {
        "type": "Base64 High Entropy String",
        "filename": "packages/pi-sidecar/npm-shrinkwrap.json",
        "hashed_secret": "6f292963aa8538e3333208975000d16424cb45f8",
        "is_verified": false,
        "line_number": 749
      },
      {
        "type": "Base64 High Entropy String",
        "filename": "packages/pi-sidecar/npm-shrinkwrap.json",
        "hashed_secret": "89110ef1ddd284b50fc079397219336ab2c2c566",
        "is_verified": false,
        "line_number": 767
      },
      {
        "type": "Base64 High Entropy String",
        "filename": "packages/pi-sidecar/npm-shrinkwrap.json",
        "hashed_secret": "60a644fc19550fa4b26772f0090baa9b3b2f6397",
        "is_verified": false,
        "line_number": 791
      },
      {
        "type": "Base64 High Entropy String",
        "filename": "packages/pi-sidecar/npm-shrinkwrap.json",
        "hashed_secret": "d02a443620dbac3134c7415189387d7f94f64f06",
        "is_verified": false,
        "line_number": 808
      },
      {
        "type": "Base64 High Entropy String",
        "filename": "packages/pi-sidecar/npm-shrinkwrap.json",
        "hashed_secret": "4bd172270bd3bf4f5c19f6f7e862f9c1e5b26493",
        "is_verified": false,
        "line_number": 830
      },
      {
        "type": "Base64 High Entropy String",
        "filename": "packages/pi-sidecar/npm-shrinkwrap.json",
        "hashed_secret": "9206857679a0ecb3de1cdeab4100524b228d5e04",
        "is_verified": false,
        "line_number": 846
      },
      {
        "type": "Base64 High Entropy String",
        "filename": "packages/pi-sidecar/npm-shrinkwrap.json",
        "hashed_secret": "39546bb04fbd35ddacffaf2593ed01a3dbaccbe6",
        "is_verified": false,
        "line_number": 864
      },
      {
        "type": "Base64 High Entropy String",
        "filename": "packages/pi-sidecar/npm-shrinkwrap.json",
        "hashed_secret": "e5ad623335883f85e8f564db869a8aa68769ee72",
        "is_verified": false,
        "line_number": 881
      },
      {
        "type": "Base64 High Entropy String",
        "filename": "packages/pi-sidecar/npm-shrinkwrap.json",
        "hashed_secret": "bd9152bce22fda5971a9c3ee44dd0db9b7079ef0",
        "is_verified": false,
        "line_number": 928
      },
      {
        "type": "Base64 High Entropy String",
        "filename": "packages/pi-sidecar/npm-shrinkwrap.json",
        "hashed_secret": "14947be71dd6ec21ab801100a4ef68df8602a8be",
        "is_verified": false,
        "line_number": 946
      },
      {
        "type": "Base64 High Entropy String",
        "filename": "packages/pi-sidecar/npm-shrinkwrap.json",
        "hashed_secret": "8ce6977002b5073e86067ab6571cbcfa3f770a1e",
        "is_verified": false,
        "line_number": 1032
      },
      {
        "type": "Base64 High Entropy String",
        "filename": "packages/pi-sidecar/npm-shrinkwrap.json",
        "hashed_secret": "2599816e1f33929992ba958e70e590239624b3ea",
        "is_verified": false,
        "line_number": 1135
      },
      {
        "type": "Base64 High Entropy String",
        "filename": "packages/pi-sidecar/npm-shrinkwrap.json",
        "hashed_secret": "96e185f290c4f700cab66112775acc47c14a7280",
        "is_verified": false,
        "line_number": 1151
      },
      {
        "type": "Base64 High Entropy String",
        "filename": "packages/pi-sidecar/npm-shrinkwrap.json",
        "hashed_secret": "7962784a80ea9a9a231aff69bdb3446dec6d0880",
        "is_verified": false,
        "line_number": 1167
      },
      {
        "type": "Base64 High Entropy String",
        "filename": "packages/pi-sidecar/npm-shrinkwrap.json",
        "hashed_secret": "93c30cb509f120d1e2e5b6d366fea87984936e39",
        "is_verified": false,
        "line_number": 1183
      },
      {
        "type": "Base64 High Entropy String",
        "filename": "packages/pi-sidecar/npm-shrinkwrap.json",
        "hashed_secret": "7cde35dfbeeb6f9b5f78e071a73c4f777cd12059",
        "is_verified": false,
        "line_number": 1199
      },
      {
        "type": "Base64 High Entropy String",
        "filename": "packages/pi-sidecar/npm-shrinkwrap.json",
        "hashed_secret": "c0b4d85c9d069485879be921aae7b0f77df9c6fe",
        "is_verified": false,
        "line_number": 1215
      },
      {
        "type": "Base64 High Entropy String",
        "filename": "packages/pi-sidecar/npm-shrinkwrap.json",
        "hashed_secret": "1d02c8f733da713fc867132fedd9e294de64e40f",
        "is_verified": false,
        "line_number": 1231
      },
      {
        "type": "Base64 High Entropy String",
        "filename": "packages/pi-sidecar/npm-shrinkwrap.json",
        "hashed_secret": "e505a98c31417fc9d1c8cae51442ca36c01302a6",
        "is_verified": false,
        "line_number": 1247
      },
      {
        "type": "Base64 High Entropy String",
        "filename": "packages/pi-sidecar/npm-shrinkwrap.json",
        "hashed_secret": "87461723b2bfad9ac9fa7fa632c78def05cb741f",
        "is_verified": false,
        "line_number": 1263
      },
      {
        "type": "Base64 High Entropy String",
        "filename": "packages/pi-sidecar/npm-shrinkwrap.json",
        "hashed_secret": "1922d9fdce7f0fbcf6bbe3350ebfee44d13a828c",
        "is_verified": false,
        "line_number": 1279
      },
      {
        "type": "Base64 High Entropy String",
        "filename": "packages/pi-sidecar/npm-shrinkwrap.json",
        "hashed_secret": "4ef116fc83238883b01eb06853d39015a8de331a",
        "is_verified": false,
        "line_number": 1295
      },
      {
        "type": "Base64 High Entropy String",
        "filename": "packages/pi-sidecar/npm-shrinkwrap.json",
        "hashed_secret": "222656d30fa2a7f50af7cc557d0c256b45852c8d",
        "is_verified": false,
        "line_number": 1311
      },
      {
        "type": "Base64 High Entropy String",
        "filename": "packages/pi-sidecar/npm-shrinkwrap.json",
        "hashed_secret": "f96f7560ba2650670f948a93ba75884b9a0217b1",
        "is_verified": false,
        "line_number": 1327
      },
      {
        "type": "Base64 High Entropy String",
        "filename": "packages/pi-sidecar/npm-shrinkwrap.json",
        "hashed_secret": "c805b27cc74df06b893ee944e1a0d287cc90c9f1",
        "is_verified": false,
        "line_number": 1343
      },
      {
        "type": "Base64 High Entropy String",
        "filename": "packages/pi-sidecar/npm-shrinkwrap.json",
        "hashed_secret": "2040a1e3cc304b3d78cb6c301a0fa0e69291ed41",
        "is_verified": false,
        "line_number": 1359
      },
      {
        "type": "Base64 High Entropy String",
        "filename": "packages/pi-sidecar/npm-shrinkwrap.json",
        "hashed_secret": "f4506d314874ed7f1909bc57315b206db9ce12a6",
        "is_verified": false,
        "line_number": 1375
      },
      {
        "type": "Base64 High Entropy String",
        "filename": "packages/pi-sidecar/npm-shrinkwrap.json",
        "hashed_secret": "dd394254de430d859414762ce979704d0fa31e96",
        "is_verified": false,
        "line_number": 1391
      },
      {
        "type": "Base64 High Entropy String",
        "filename": "packages/pi-sidecar/npm-shrinkwrap.json",
        "hashed_secret": "dce1b9f4213fad31626b97988c68c5d4605bc652",
        "is_verified": false,
        "line_number": 1407
      },
      {
        "type": "Base64 High Entropy String",
        "filename": "packages/pi-sidecar/npm-shrinkwrap.json",
        "hashed_secret": "7e4c058e606397f80d5277dd6baa923f60563983",
        "is_verified": false,
        "line_number": 1423
      },
      {
        "type": "Base64 High Entropy String",
        "filename": "packages/pi-sidecar/npm-shrinkwrap.json",
        "hashed_secret": "0a121279c947d519dc76ac631df4ccf813fc581b",
        "is_verified": false,
        "line_number": 1439
      },
      {
        "type": "Base64 High Entropy String",
        "filename": "packages/pi-sidecar/npm-shrinkwrap.json",
        "hashed_secret": "a20e85ff1c5423eb2f2eaf93d5781ac768ba7a69",
        "is_verified": false,
        "line_number": 1455
      },
      {
        "type": "Base64 High Entropy String",
        "filename": "packages/pi-sidecar/npm-shrinkwrap.json",
        "hashed_secret": "8f82a49c83766a230138475858b3444b599787cc",
        "is_verified": false,
        "line_number": 1471
      },
      {
        "type": "Base64 High Entropy String",
        "filename": "packages/pi-sidecar/npm-shrinkwrap.json",
        "hashed_secret": "8f56de26ffc382f6460e63009698a671b37414ba",
        "is_verified": false,
        "line_number": 1487
      },
      {
        "type": "Base64 High Entropy String",
        "filename": "packages/pi-sidecar/npm-shrinkwrap.json",
        "hashed_secret": "818383518b06ce60b934fa1b2a2ceffbe0633f68",
        "is_verified": false,
        "line_number": 1503
      },
      {
        "type": "Base64 High Entropy String",
        "filename": "packages/pi-sidecar/npm-shrinkwrap.json",
        "hashed_secret": "b68c3d93cbfaf9320a991b865b69a72b823d0ef8",
        "is_verified": false,
        "line_number": 1519
      },
      {
        "type": "Base64 High Entropy String",
        "filename": "packages/pi-sidecar/npm-shrinkwrap.json",
        "hashed_secret": "386a9dd104313a197e0c687d902a26009c46ffe8",
        "is_verified": false,
        "line_number": 1535
      },
      {
        "type": "Base64 High Entropy String",
        "filename": "packages/pi-sidecar/npm-shrinkwrap.json",
        "hashed_secret": "dec51bebf4daf84c44ac9209afcacd85988e3e5c",
        "is_verified": false,
        "line_number": 1551
      },
      {
        "type": "Base64 High Entropy String",
        "filename": "packages/pi-sidecar/npm-shrinkwrap.json",
        "hashed_secret": "350cd89118bc3c0d372e7bdafc16c7cddb28fa72",
        "is_verified": false,
        "line_number": 1575
      },
      {
        "type": "Base64 High Entropy String",
        "filename": "packages/pi-sidecar/npm-shrinkwrap.json",
        "hashed_secret": "1db167079aca7da50d198b964334b75bd9983db3",
        "is_verified": false,
        "line_number": 1581
      },
      {
        "type": "Base64 High Entropy String",
        "filename": "packages/pi-sidecar/npm-shrinkwrap.json",
        "hashed_secret": "48ebe8a7955f109b57b4ee495d7c239c79fabc8a",
        "is_verified": false,
        "line_number": 1587
      },
      {
        "type": "Base64 High Entropy String",
        "filename": "packages/pi-sidecar/npm-shrinkwrap.json",
        "hashed_secret": "1000b1319bdf3ea7bcb20f4d9fd5012df8a2cd65",
        "is_verified": false,
        "line_number": 1593
      },
      {
        "type": "Base64 High Entropy String",
        "filename": "packages/pi-sidecar/npm-shrinkwrap.json",
        "hashed_secret": "8131ef8c1e96bd67e1ccab248ad73935f92059c0",
        "is_verified": false,
        "line_number": 1599
      },
      {
        "type": "Base64 High Entropy String",
        "filename": "packages/pi-sidecar/npm-shrinkwrap.json",
        "hashed_secret": "a74b662afa4f0ebc5a12aac687b5c73763681042",
        "is_verified": false,
        "line_number": 1608
      },
      {
        "type": "Base64 High Entropy String",
        "filename": "packages/pi-sidecar/npm-shrinkwrap.json",
        "hashed_secret": "b8ecfeed2481d02eb368ef1f219c2d13a377c0f9",
        "is_verified": false,
        "line_number": 1614
      },
      {
        "type": "Base64 High Entropy String",
        "filename": "packages/pi-sidecar/npm-shrinkwrap.json",
        "hashed_secret": "4c90c398002fd093b047fd984b15869691bd2444",
        "is_verified": false,
        "line_number": 1620
      },
      {
        "type": "Base64 High Entropy String",
        "filename": "packages/pi-sidecar/npm-shrinkwrap.json",
        "hashed_secret": "698d163113bf2a49506609c45b0e4daea161c9d4",
        "is_verified": false,
        "line_number": 1626
      },
      {
        "type": "Base64 High Entropy String",
        "filename": "packages/pi-sidecar/npm-shrinkwrap.json",
        "hashed_secret": "eae963849de775112713f14abe07ada37da5f344",
        "is_verified": false,
        "line_number": 1632
      },
      {
        "type": "Base64 High Entropy String",
        "filename": "packages/pi-sidecar/npm-shrinkwrap.json",
        "hashed_secret": "92f08a496b312b9e228a3cf0bf97fea9cddcac99",
        "is_verified": false,
        "line_number": 1638
      },
      {
        "type": "Base64 High Entropy String",
        "filename": "packages/pi-sidecar/npm-shrinkwrap.json",
        "hashed_secret": "dd10b7abeda9be162bbd5dca27a8acded14acde3",
        "is_verified": false,
        "line_number": 1651
      },
      {
        "type": "Base64 High Entropy String",
        "filename": "packages/pi-sidecar/npm-shrinkwrap.json",
        "hashed_secret": "36726f49fcd8c17f41db1b0c58356734c4a43e66",
        "is_verified": false,
        "line_number": 1665
      },
      {
        "type": "Base64 High Entropy String",
        "filename": "packages/pi-sidecar/npm-shrinkwrap.json",
        "hashed_secret": "1cd757a112e75a5b1a82c12d328cf9e9e27fbe72",
        "is_verified": false,
        "line_number": 1679
      },
      {
        "type": "Base64 High Entropy String",
        "filename": "packages/pi-sidecar/npm-shrinkwrap.json",
        "hashed_secret": "b59601bf515bfd3d1288a9cc0790d0a5d7cd4267",
        "is_verified": false,
        "line_number": 1693
      },
      {
        "type": "Base64 High Entropy String",
        "filename": "packages/pi-sidecar/npm-shrinkwrap.json",
        "hashed_secret": "495cf2c0d10b1b98599960cabfd2499c78f8ad90",
        "is_verified": false,
        "line_number": 1707
      },
      {
        "type": "Base64 High Entropy String",
        "filename": "packages/pi-sidecar/npm-shrinkwrap.json",
        "hashed_secret": "e9600dde411b990bd5fecc2b2863d568b4b3b1b3",
        "is_verified": false,
        "line_number": 1719
      },
      {
        "type": "Base64 High Entropy String",
        "filename": "packages/pi-sidecar/npm-shrinkwrap.json",
        "hashed_secret": "5ddf3c05cbc708b3f11d56ee4aee58303a9229a0",
        "is_verified": false,
        "line_number": 1725
      },
      {
        "type": "Base64 High Entropy String",
        "filename": "packages/pi-sidecar/npm-shrinkwrap.json",
        "hashed_secret": "c4500f6ef6d71520147cb4cf42394ed23891d064",
        "is_verified": false,
        "line_number": 1734
      },
      {
        "type": "Base64 High Entropy String",
        "filename": "packages/pi-sidecar/npm-shrinkwrap.json",
        "hashed_secret": "e0ed71a4c2836a6a251bef5e00b00401cfac286d",
        "is_verified": false,
        "line_number": 1743
      },
      {
        "type": "Base64 High Entropy String",
        "filename": "packages/pi-sidecar/npm-shrinkwrap.json",
        "hashed_secret": "7bb507ba2f47095177b03051a6340091be5871b2",
        "is_verified": false,
        "line_number": 1752
      },
      {
        "type": "Base64 High Entropy String",
        "filename": "packages/pi-sidecar/npm-shrinkwrap.json",
        "hashed_secret": "fd141074ccf6a59feed2e52198019f0ef855843d",
        "is_verified": false,
        "line_number": 1772
      },
      {
        "type": "Base64 High Entropy String",
        "filename": "packages/pi-sidecar/npm-shrinkwrap.json",
        "hashed_secret": "4d797f74ec1be85c246106ccf1684fb857cad1c4",
        "is_verified": false,
        "line_number": 1781
      },
      {
        "type": "Base64 High Entropy String",
        "filename": "packages/pi-sidecar/npm-shrinkwrap.json",
        "hashed_secret": "9923a1a8d101867eb729356ec0f8c463141f6d9b",
        "is_verified": false,
        "line_number": 1787
      },
      {
        "type": "Base64 High Entropy String",
        "filename": "packages/pi-sidecar/npm-shrinkwrap.json",
        "hashed_secret": "2abb3ba0232020c34e3de298cae86210b26cac1a",
        "is_verified": false,
        "line_number": 1799
      },
      {
        "type": "Base64 High Entropy String",
        "filename": "packages/pi-sidecar/npm-shrinkwrap.json",
        "hashed_secret": "906e310466fae3e664847590f6de6dccefa74d04",
        "is_verified": false,
        "line_number": 1805
      },
      {
        "type": "Base64 High Entropy String",
        "filename": "packages/pi-sidecar/npm-shrinkwrap.json",
        "hashed_secret": "862951cd71d0412b5e52bae3e952725486a655b0",
        "is_verified": false,
        "line_number": 1817
      },
      {
        "type": "Base64 High Entropy String",
        "filename": "packages/pi-sidecar/npm-shrinkwrap.json",
        "hashed_secret": "ec81c6e812c50220f26759d19376fa1fe695f870",
        "is_verified": false,
        "line_number": 1831
      },
      {
        "type": "Base64 High Entropy String",
        "filename": "packages/pi-sidecar/npm-shrinkwrap.json",
        "hashed_secret": "d45062677e99f28b9a98f4b53e9af8f56b01bb10",
        "is_verified": false,
        "line_number": 1840
      },
      {
        "type": "Base64 High Entropy String",
        "filename": "packages/pi-sidecar/npm-shrinkwrap.json",
        "hashed_secret": "11c08ec00d6fbdae244e96663191b4ad552910a9",
        "is_verified": false,
        "line_number": 1857
      },
      {
        "type": "Base64 High Entropy String",
        "filename": "packages/pi-sidecar/npm-shrinkwrap.json",
        "hashed_secret": "4275b7ec9188f3fadc0ccb0c42032f17310199b3",
        "is_verified": false,
        "line_number": 1866
      },
      {
        "type": "Base64 High Entropy String",
        "filename": "packages/pi-sidecar/npm-shrinkwrap.json",
        "hashed_secret": "eb2959ba057473a75fa0eb6f0b250266088e0746",
        "is_verified": false,
        "line_number": 1875
      },
      {
        "type": "Base64 High Entropy String",
        "filename": "packages/pi-sidecar/npm-shrinkwrap.json",
        "hashed_secret": "acce4ef8d841ffa646256da3af7b79ad5cb78158",
        "is_verified": false,
        "line_number": 1916
      },
      {
        "type": "Base64 High Entropy String",
        "filename": "packages/pi-sidecar/npm-shrinkwrap.json",
        "hashed_secret": "375a576831e29f29ff2ad0849861436e3ea7e20e",
        "is_verified": false,
        "line_number": 1922
      },
      {
        "type": "Base64 High Entropy String",
        "filename": "packages/pi-sidecar/npm-shrinkwrap.json",
        "hashed_secret": "7dbef779aba06776c364a85931feaf52446ad420",
        "is_verified": false,
        "line_number": 1928
      },
      {
        "type": "Base64 High Entropy String",
        "filename": "packages/pi-sidecar/npm-shrinkwrap.json",
        "hashed_secret": "be5924bff52ab0935b7ef23a821e90130e9c40fd",
        "is_verified": false,
        "line_number": 1951
      },
      {
        "type": "Base64 High Entropy String",
        "filename": "packages/pi-sidecar/npm-shrinkwrap.json",
        "hashed_secret": "1eea77d1be7cb0ec0b5fe8ebe223def8dd0a3551",
        "is_verified": false,
        "line_number": 1963
      },
      {
        "type": "Base64 High Entropy String",
        "filename": "packages/pi-sidecar/npm-shrinkwrap.json",
        "hashed_secret": "d4d3a66e2eb95ac4036f53c2c7093187dda06dfb",
        "is_verified": false,
        "line_number": 1977
      },
      {
        "type": "Base64 High Entropy String",
        "filename": "packages/pi-sidecar/npm-shrinkwrap.json",
        "hashed_secret": "a848de44c6988252a196abf85c9284ffcb16e972",
        "is_verified": false,
        "line_number": 1991
      },
      {
        "type": "Base64 High Entropy String",
        "filename": "packages/pi-sidecar/npm-shrinkwrap.json",
        "hashed_secret": "8e00d599834742da12047b15158d491dd6df537d",
        "is_verified": false,
        "line_number": 2003
      },
      {
        "type": "Base64 High Entropy String",
        "filename": "packages/pi-sidecar/npm-shrinkwrap.json",
        "hashed_secret": "1045a96a125f822379b9392ff5f2d6d86929d608",
        "is_verified": false,
        "line_number": 2020
      },
      {
        "type": "Base64 High Entropy String",
        "filename": "packages/pi-sidecar/npm-shrinkwrap.json",
        "hashed_secret": "1e074256695d27dc0bea46d8da0b7d078ac360b9",
        "is_verified": false,
        "line_number": 2029
      },
      {
        "type": "Base64 High Entropy String",
        "filename": "packages/pi-sidecar/npm-shrinkwrap.json",
        "hashed_secret": "c1b93000a3e7ab315f8858236815df4bce601293",
        "is_verified": false,
        "line_number": 2035
      },
      {
        "type": "Base64 High Entropy String",
        "filename": "packages/pi-sidecar/npm-shrinkwrap.json",
        "hashed_secret": "45b263042bba2b0520095760708c3f7061d90f74",
        "is_verified": false,
        "line_number": 2044
      },
      {
        "type": "Base64 High Entropy String",
        "filename": "packages/pi-sidecar/npm-shrinkwrap.json",
        "hashed_secret": "d61070fd984235382632a029d2e0f869f871a064",
        "is_verified": false,
        "line_number": 2053
      },
      {
        "type": "Base64 High Entropy String",
        "filename": "packages/pi-sidecar/npm-shrinkwrap.json",
        "hashed_secret": "a1c0e79f5dc16231ee3287f81376072552dd7eaa",
        "is_verified": false,
        "line_number": 2065
      },
      {
        "type": "Base64 High Entropy String",
        "filename": "packages/pi-sidecar/npm-shrinkwrap.json",
        "hashed_secret": "5bcb233a4cf6e79f65a75aa15e06169c85eabfc4",
        "is_verified": false,
        "line_number": 2088
      },
      {
        "type": "Base64 High Entropy String",
        "filename": "packages/pi-sidecar/npm-shrinkwrap.json",
        "hashed_secret": "e5ddcd6077a7f9206de7f4bf4b1201fe66f0afd0",
        "is_verified": false,
        "line_number": 2101
      },
      {
        "type": "Base64 High Entropy String",
        "filename": "packages/pi-sidecar/npm-shrinkwrap.json",
        "hashed_secret": "4e5e279b264f80f6302507f3bc02028118a5381f",
        "is_verified": false,
        "line_number": 2110
      },
      {
        "type": "Base64 High Entropy String",
        "filename": "packages/pi-sidecar/npm-shrinkwrap.json",
        "hashed_secret": "d4ab4bf7e2f51f73ffcc91ab533b0ceb1cd1a778",
        "is_verified": false,
        "line_number": 2116
      },
      {
        "type": "Base64 High Entropy String",
        "filename": "packages/pi-sidecar/npm-shrinkwrap.json",
        "hashed_secret": "7d2d3cbac5b5f9d8a8eec0a803658427968d5d14",
        "is_verified": false,
        "line_number": 2125
      },
      {
        "type": "Base64 High Entropy String",
        "filename": "packages/pi-sidecar/npm-shrinkwrap.json",
        "hashed_secret": "169e4567753b990e6e327100440357e2d13fde79",
        "is_verified": false,
        "line_number": 2134
      },
      {
        "type": "Base64 High Entropy String",
        "filename": "packages/pi-sidecar/npm-shrinkwrap.json",
        "hashed_secret": "1ab4d49eb25282fcf114635de529eb814d334179",
        "is_verified": false,
        "line_number": 2147
      },
      {
        "type": "Base64 High Entropy String",
        "filename": "packages/pi-sidecar/npm-shrinkwrap.json",
        "hashed_secret": "6de6859a3c2a30f0c76ade1a21d63949d5eb2a60",
        "is_verified": false,
        "line_number": 2158
      },
      {
        "type": "Base64 High Entropy String",
        "filename": "packages/pi-sidecar/npm-shrinkwrap.json",
        "hashed_secret": "81d2b20133c3fc62c8d92c04a4e9ea1f8f15f1b9",
        "is_verified": false,
        "line_number": 2168
      },
      {
        "type": "Base64 High Entropy String",
        "filename": "packages/pi-sidecar/npm-shrinkwrap.json",
        "hashed_secret": "7d6620f6be1caf445d27bde3ec71005ce363e5ea",
        "is_verified": false,
        "line_number": 2174
      },
      {
        "type": "Base64 High Entropy String",
        "filename": "packages/pi-sidecar/npm-shrinkwrap.json",
        "hashed_secret": "9ab2e9de918ee681052e0d9cc51a659409e060b5",
        "is_verified": false,
        "line_number": 2183
      },
      {
        "type": "Base64 High Entropy String",
        "filename": "packages/pi-sidecar/npm-shrinkwrap.json",
        "hashed_secret": "fc98012c01ec09e66f60b2fa88d156529c327cb8",
        "is_verified": false,
        "line_number": 2195
      },
      {
        "type": "Base64 High Entropy String",
        "filename": "packages/pi-sidecar/npm-shrinkwrap.json",
        "hashed_secret": "805d9656080308c11cde7cb7f0310e12c7e60c48",
        "is_verified": false,
        "line_number": 2210
      },
      {
        "type": "Base64 High Entropy String",
        "filename": "packages/pi-sidecar/npm-shrinkwrap.json",
        "hashed_secret": "f49802ec6df8ba726e5032436f7d7bb6ed4b2f79",
        "is_verified": false,
        "line_number": 2216
      },
      {
        "type": "Base64 High Entropy String",
        "filename": "packages/pi-sidecar/npm-shrinkwrap.json",
        "hashed_secret": "d725851117c6975c5623a098796ec40ba0d276d8",
        "is_verified": false,
        "line_number": 2236
      },
      {
        "type": "Base64 High Entropy String",
        "filename": "packages/pi-sidecar/npm-shrinkwrap.json",
        "hashed_secret": "f136970ac3d7e8ad46e468949e48d957cd34e5a3",
        "is_verified": false,
        "line_number": 2254
      },
      {
        "type": "Base64 High Entropy String",
        "filename": "packages/pi-sidecar/npm-shrinkwrap.json",
        "hashed_secret": "7febbb3f74170af305e6823720902f85c761a767",
        "is_verified": false,
        "line_number": 2272
      },
      {
        "type": "Base64 High Entropy String",
        "filename": "packages/pi-sidecar/npm-shrinkwrap.json",
        "hashed_secret": "94951be361e2f29b537ce8d2a0cf07fa102e28d8",
        "is_verified": false,
        "line_number": 2285
      },
      {
        "type": "Base64 High Entropy String",
        "filename": "packages/pi-sidecar/npm-shrinkwrap.json",
        "hashed_secret": "4ab4157f6f62dd9168cd60d720db217939f67389",
        "is_verified": false,
        "line_number": 2291
      },
      {
        "type": "Base64 High Entropy String",
        "filename": "packages/pi-sidecar/npm-shrinkwrap.json",
        "hashed_secret": "61ff5c8a702d8ffe28063c06487a3a5a0db2ed70",
        "is_verified": false,
        "line_number": 2297
      },
      {
        "type": "Base64 High Entropy String",
        "filename": "packages/pi-sidecar/npm-shrinkwrap.json",
        "hashed_secret": "1981bb0592824090a5af88e6dce8956f8b79f31b",
        "is_verified": false,
        "line_number": 2306
      },
      {
        "type": "Base64 High Entropy String",
        "filename": "packages/pi-sidecar/npm-shrinkwrap.json",
        "hashed_secret": "2fefd61171946fc13c8e196e4409f28e1a1bd97f",
        "is_verified": false,
        "line_number": 2317
      },
      {
        "type": "Base64 High Entropy String",
        "filename": "packages/pi-sidecar/npm-shrinkwrap.json",
        "hashed_secret": "3e84c13d520e5f496b9587b674f6084ade5ccaf4",
        "is_verified": false,
        "line_number": 2326
      },
      {
        "type": "Base64 High Entropy String",
        "filename": "packages/pi-sidecar/npm-shrinkwrap.json",
        "hashed_secret": "8afdfebf8afb002a6880b23aa27b1ddba15809d1",
        "is_verified": false,
        "line_number": 2349
      },
      {
        "type": "Base64 High Entropy String",
        "filename": "packages/pi-sidecar/npm-shrinkwrap.json",
        "hashed_secret": "03701d1bf378bb47999cf5c4b8ebb2663f13b63b",
        "is_verified": false,
        "line_number": 2366
      },
      {
        "type": "Base64 High Entropy String",
        "filename": "packages/pi-sidecar/npm-shrinkwrap.json",
        "hashed_secret": "dab00d860d09dd9092b16718edd82bb24a6a21e9",
        "is_verified": false,
        "line_number": 2375
      },
      {
        "type": "Base64 High Entropy String",
        "filename": "packages/pi-sidecar/npm-shrinkwrap.json",
        "hashed_secret": "2ddb7c065579b434d9d1508bc0c6dcdc4d249f76",
        "is_verified": false,
        "line_number": 2395
      },
      {
        "type": "Base64 High Entropy String",
        "filename": "packages/pi-sidecar/npm-shrinkwrap.json",
        "hashed_secret": "3b7990b0f82bc9bc6c4ec02744f9c02e76aac827",
        "is_verified": false,
        "line_number": 2407
      },
      {
        "type": "Base64 High Entropy String",
        "filename": "packages/pi-sidecar/npm-shrinkwrap.json",
        "hashed_secret": "9072ebcbad57a1ae4256c5ae37c1e7c7ae5325de",
        "is_verified": false,
        "line_number": 2419
      },
      {
        "type": "Base64 High Entropy String",
        "filename": "packages/pi-sidecar/npm-shrinkwrap.json",
        "hashed_secret": "23423aec1fa9a6422ea8dbb0c73bd0174b2b38cf",
        "is_verified": false,
        "line_number": 2428
      },
      {
        "type": "Base64 High Entropy String",
        "filename": "packages/pi-sidecar/npm-shrinkwrap.json",
        "hashed_secret": "0e60aa84d8ab1b5b95d716588c43a548d89c2681",
        "is_verified": false,
        "line_number": 2434
      },
      {
        "type": "Base64 High Entropy String",
        "filename": "packages/pi-sidecar/npm-shrinkwrap.json",
        "hashed_secret": "dff2ea8ba311493d70d96ed1850933dabac99527",
        "is_verified": false,
        "line_number": 2444
      },
      {
        "type": "Base64 High Entropy String",
        "filename": "packages/pi-sidecar/npm-shrinkwrap.json",
        "hashed_secret": "9bf200e3147a1d837839d6bf5b649716c1537cbb",
        "is_verified": false,
        "line_number": 2450
      },
      {
        "type": "Base64 High Entropy String",
        "filename": "packages/pi-sidecar/npm-shrinkwrap.json",
        "hashed_secret": "27c0663668981e77270d5ad409a555cf9e0382b9",
        "is_verified": false,
        "line_number": 2456
      },
      {
        "type": "Base64 High Entropy String",
        "filename": "packages/pi-sidecar/npm-shrinkwrap.json",
        "hashed_secret": "04cdf3ade5c715afcd279b2d8339dcd296544528",
        "is_verified": false,
        "line_number": 2462
      },
      {
        "type": "Base64 High Entropy String",
        "filename": "packages/pi-sidecar/npm-shrinkwrap.json",
        "hashed_secret": "7c43a5a81cdfc2d174e64e7441e07b48f610be0e",
        "is_verified": false,
        "line_number": 2471
      },
      {
        "type": "Base64 High Entropy String",
        "filename": "packages/pi-sidecar/npm-shrinkwrap.json",
        "hashed_secret": "09048fa64f8030fee490af8ffc93386ae83e008b",
        "is_verified": false,
        "line_number": 2477
      },
      {
        "type": "Base64 High Entropy String",
        "filename": "packages/pi-sidecar/npm-shrinkwrap.json",
        "hashed_secret": "f0257d02d23f53e799476af74cf0386375d4b6c2",
        "is_verified": false,
        "line_number": 2486
      },
      {
        "type": "Base64 High Entropy String",
        "filename": "packages/pi-sidecar/npm-shrinkwrap.json",
        "hashed_secret": "84dda596ef149bb74596521a22453b37de5542ba",
        "is_verified": false,
        "line_number": 2501
      },
      {
        "type": "Base64 High Entropy String",
        "filename": "packages/pi-sidecar/npm-shrinkwrap.json",
        "hashed_secret": "94afc05e19d3a49a8880bb36200596aed0a105d1",
        "is_verified": false,
        "line_number": 2522
      },
      {
        "type": "Base64 High Entropy String",
        "filename": "packages/pi-sidecar/npm-shrinkwrap.json",
        "hashed_secret": "bcc52176d2e61f5f5c2511c1d28869d214081a3f",
        "is_verified": false,
        "line_number": 2537
      },
      {
        "type": "Base64 High Entropy String",
        "filename": "packages/pi-sidecar/npm-shrinkwrap.json",
        "hashed_secret": "5839981739dae84af2827c7a63df9fe210293441",
        "is_verified": false,
        "line_number": 2546
      },
      {
        "type": "Base64 High Entropy String",
        "filename": "packages/pi-sidecar/npm-shrinkwrap.json",
        "hashed_secret": "2deefaf39b1bb1a3839365acf37a28f70403e1d1",
        "is_verified": false,
        "line_number": 2996
      },
      {
        "type": "Base64 High Entropy String",
        "filename": "packages/pi-sidecar/npm-shrinkwrap.json",
        "hashed_secret": "7b801eb385fb7ee3273eec936d2adab61681f79e",
        "is_verified": false,
        "line_number": 3005
      },
      {
        "type": "Base64 High Entropy String",
        "filename": "packages/pi-sidecar/npm-shrinkwrap.json",
        "hashed_secret": "fbe97cd72bd4b5e1982a67606c3cad8ae4169ec2",
        "is_verified": false,
        "line_number": 3011
      },
      {
        "type": "Base64 High Entropy String",
        "filename": "packages/pi-sidecar/npm-shrinkwrap.json",
        "hashed_secret": "4da50659586743f49d498b59c34876ef7e8bc6ea",
        "is_verified": false,
        "line_number": 3024
      },
      {
        "type": "Base64 High Entropy String",
        "filename": "packages/pi-sidecar/npm-shrinkwrap.json",
        "hashed_secret": "5d053e365b88dc935039fbc0f72adb609a4de16a",
        "is_verified": false,
        "line_number": 3046
      },
      {
        "type": "Base64 High Entropy String",
        "filename": "packages/pi-sidecar/npm-shrinkwrap.json",
        "hashed_secret": "18056ed408d2e853db6652780e2972b2aea3175d",
        "is_verified": false,
        "line_number": 3068
      },
      {
        "type": "Base64 High Entropy String",
        "filename": "packages/pi-sidecar/npm-shrinkwrap.json",
        "hashed_secret": "867399863a275e06e0bac085c236120ab311e21c",
        "is_verified": false,
        "line_number": 3084
      },
      {
        "type": "Base64 High Entropy String",
        "filename": "packages/pi-sidecar/npm-shrinkwrap.json",
        "hashed_secret": "bc8330d41cf00c5d48db6326c598208e51bba6ba",
        "is_verified": false,
        "line_number": 3100
      },
      {
        "type": "Base64 High Entropy String",
        "filename": "packages/pi-sidecar/npm-shrinkwrap.json",
        "hashed_secret": "5e1639e5f30190df0748a3aa2fc0f11bc44d7416",
        "is_verified": false,
        "line_number": 3119
      },
      {
        "type": "Base64 High Entropy String",
        "filename": "packages/pi-sidecar/npm-shrinkwrap.json",
        "hashed_secret": "9c275c60a54d1f0974751100c02ab61e6752800e",
        "is_verified": false,
        "line_number": 3138
      },
      {
        "type": "Base64 High Entropy String",
        "filename": "packages/pi-sidecar/npm-shrinkwrap.json",
        "hashed_secret": "96065a7b32b7e8a6ed6b470c0e7c15ea9f7b45d5",
        "is_verified": false,
        "line_number": 3157
      },
      {
        "type": "Base64 High Entropy String",
        "filename": "packages/pi-sidecar/npm-shrinkwrap.json",
        "hashed_secret": "0ff5ef01239c0758b89e8623288cc4e30a59cd1c",
        "is_verified": false,
        "line_number": 3176
      },
      {
        "type": "Base64 High Entropy String",
        "filename": "packages/pi-sidecar/npm-shrinkwrap.json",
        "hashed_secret": "cb47abf8577ed2d6d7c0726d9294896022a5cd17",
        "is_verified": false,
        "line_number": 3195
      },
      {
        "type": "Base64 High Entropy String",
        "filename": "packages/pi-sidecar/npm-shrinkwrap.json",
        "hashed_secret": "b9d285415282e25c9f1fe77741e60d8579606903",
        "is_verified": false,
        "line_number": 3214
      },
      {
        "type": "Base64 High Entropy String",
        "filename": "packages/pi-sidecar/npm-shrinkwrap.json",
        "hashed_secret": "a21957d40033ae8b181d6aa423cd3096d605ae61",
        "is_verified": false,
        "line_number": 3233
      },
      {
        "type": "Base64 High Entropy String",
        "filename": "packages/pi-sidecar/npm-shrinkwrap.json",
        "hashed_secret": "d818437895e89d6eab1ed22bd3eea5999103a422",
        "is_verified": false,
        "line_number": 3252
      },
      {
        "type": "Base64 High Entropy String",
        "filename": "packages/pi-sidecar/npm-shrinkwrap.json",
        "hashed_secret": "c2a653c100668d43a9f8445d8488e2fc398277b5",
        "is_verified": false,
        "line_number": 3277
      },
      {
        "type": "Base64 High Entropy String",
        "filename": "packages/pi-sidecar/npm-shrinkwrap.json",
        "hashed_secret": "46e79f039fafdb2942d6fd9316f3c686a3529050",
        "is_verified": false,
        "line_number": 3302
      },
      {
        "type": "Base64 High Entropy String",
        "filename": "packages/pi-sidecar/npm-shrinkwrap.json",
        "hashed_secret": "6b547fc46223e0b43af98cb5949a054eceb0e72b",
        "is_verified": false,
        "line_number": 3327
      },
      {
        "type": "Base64 High Entropy String",
        "filename": "packages/pi-sidecar/npm-shrinkwrap.json",
        "hashed_secret": "a24a57352854a617ff02f3074370f56ae33e940c",
        "is_verified": false,
        "line_number": 3352
      },
      {
        "type": "Base64 High Entropy String",
        "filename": "packages/pi-sidecar/npm-shrinkwrap.json",
        "hashed_secret": "61cd73fa963d6365ded73baf3da611725d43e13a",
        "is_verified": false,
        "line_number": 3377
      },
      {
        "type": "Base64 High Entropy String",
        "filename": "packages/pi-sidecar/npm-shrinkwrap.json",
        "hashed_secret": "efa333376c8d556cf9adf9fee0b8b8678d4e2495",
        "is_verified": false,
        "line_number": 3402
      },
      {
        "type": "Base64 High Entropy String",
        "filename": "packages/pi-sidecar/npm-shrinkwrap.json",
        "hashed_secret": "fb7dd7385fdfc1ad6c835e826220d61461899ece",
        "is_verified": false,
        "line_number": 3427
      },
      {
        "type": "Base64 High Entropy String",
        "filename": "packages/pi-sidecar/npm-shrinkwrap.json",
        "hashed_secret": "b01d02cdf5d83d2c7c2ee4c0eefbf6c301dcaa26",
        "is_verified": false,
        "line_number": 3452
      },
      {
        "type": "Base64 High Entropy String",
        "filename": "packages/pi-sidecar/npm-shrinkwrap.json",
        "hashed_secret": "9ee7a1b16acdd5f4b6e3a63eea103f2d4cb952bb",
        "is_verified": false,
        "line_number": 3471
      },
      {
        "type": "Base64 High Entropy String",
        "filename": "packages/pi-sidecar/npm-shrinkwrap.json",
        "hashed_secret": "adf28ccf70a46c3980dad616678b225070154dfa",
        "is_verified": false,
        "line_number": 3490
      },
      {
        "type": "Base64 High Entropy String",
        "filename": "packages/pi-sidecar/npm-shrinkwrap.json",
        "hashed_secret": "3cbcf437d17f1e66b39885deb9d1472a0b04e8b5",
        "is_verified": false,
        "line_number": 3509
      },
      {
        "type": "Base64 High Entropy String",
        "filename": "packages/pi-sidecar/npm-shrinkwrap.json",
        "hashed_secret": "ed8edaee2fa772ce41f10ea7591382c42cb2c3b9",
        "is_verified": false,
        "line_number": 3528
      },
      {
        "type": "Base64 High Entropy String",
        "filename": "packages/pi-sidecar/npm-shrinkwrap.json",
        "hashed_secret": "811bd2f251089fdcafb6b976e630af00d88e88f2",
        "is_verified": false,
        "line_number": 3572
      },
      {
        "type": "Base64 High Entropy String",
        "filename": "packages/pi-sidecar/npm-shrinkwrap.json",
        "hashed_secret": "e46500ab63a7b63a1a036f7e1aec697234d960c7",
        "is_verified": false,
        "line_number": 3581
      },
      {
        "type": "Base64 High Entropy String",
        "filename": "packages/pi-sidecar/npm-shrinkwrap.json",
        "hashed_secret": "c5d67e657180659ce8386c55882287158efb2da2",
        "is_verified": false,
        "line_number": 3603
      },
      {
        "type": "Base64 High Entropy String",
        "filename": "packages/pi-sidecar/npm-shrinkwrap.json",
        "hashed_secret": "453f3ccd832755f12ccac1d709d927bf04a48d81",
        "is_verified": false,
        "line_number": 3625
      },
      {
        "type": "Base64 High Entropy String",
        "filename": "packages/pi-sidecar/npm-shrinkwrap.json",
        "hashed_secret": "ddf4a3128ee44c497d063d04820ee6759d70fae9",
        "is_verified": false,
        "line_number": 3644
      },
      {
        "type": "Base64 High Entropy String",
        "filename": "packages/pi-sidecar/npm-shrinkwrap.json",
        "hashed_secret": "2d0bf2caf29713ce521c4cd98c01711ea80b8217",
        "is_verified": false,
        "line_number": 3660
      },
      {
        "type": "Base64 High Entropy String",
        "filename": "packages/pi-sidecar/npm-shrinkwrap.json",
        "hashed_secret": "e87dc1bd9647d00383d9dde41cb8f3a555f26914",
        "is_verified": false,
        "line_number": 3676
      },
      {
        "type": "Base64 High Entropy String",
        "filename": "packages/pi-sidecar/npm-shrinkwrap.json",
        "hashed_secret": "41c3386a8bff0b2d4bf82c086d9ac787cfcc6243",
        "is_verified": false,
        "line_number": 3695
      },
      {
        "type": "Base64 High Entropy String",
        "filename": "packages/pi-sidecar/npm-shrinkwrap.json",
        "hashed_secret": "8bbb13bd7d96c9e9aae28528428117173faa061e",
        "is_verified": false,
        "line_number": 3714
      },
      {
        "type": "Base64 High Entropy String",
        "filename": "packages/pi-sidecar/npm-shrinkwrap.json",
        "hashed_secret": "00d3c7aaef527edd76232504e6e0c5276631b847",
        "is_verified": false,
        "line_number": 3733
      },
      {
        "type": "Base64 High Entropy String",
        "filename": "packages/pi-sidecar/npm-shrinkwrap.json",
        "hashed_secret": "03519ccfef1bf116d26fdaeeccd857c7249cc955",
        "is_verified": false,
        "line_number": 3752
      },
      {
        "type": "Base64 High Entropy String",
        "filename": "packages/pi-sidecar/npm-shrinkwrap.json",
        "hashed_secret": "00ad915d390d64827891d424533ab2feb74cf711",
        "is_verified": false,
        "line_number": 3771
      },
      {
        "type": "Base64 High Entropy String",
        "filename": "packages/pi-sidecar/npm-shrinkwrap.json",
        "hashed_secret": "4b7177aebe4f15ea47df1f3be233ab9a1cd34ddc",
        "is_verified": false,
        "line_number": 3790
      },
      {
        "type": "Base64 High Entropy String",
        "filename": "packages/pi-sidecar/npm-shrinkwrap.json",
        "hashed_secret": "c3751bcdd7fb959bdba347e489d85bd4362cffae",
        "is_verified": false,
        "line_number": 3809
      },
      {
        "type": "Base64 High Entropy String",
        "filename": "packages/pi-sidecar/npm-shrinkwrap.json",
        "hashed_secret": "d42be8814d8ba5990d972b7dfe2a85782c3e0db6",
        "is_verified": false,
        "line_number": 3828
      },
      {
        "type": "Base64 High Entropy String",
        "filename": "packages/pi-sidecar/npm-shrinkwrap.json",
        "hashed_secret": "fed6e578f4c9482222a772627b1278a7ba4b7d4b",
        "is_verified": false,
        "line_number": 3853
      },
      {
        "type": "Base64 High Entropy String",
        "filename": "packages/pi-sidecar/npm-shrinkwrap.json",
        "hashed_secret": "034456488bfb34092c9ef7db63914e2472562bb1",
        "is_verified": false,
        "line_number": 3878
      },
      {
        "type": "Base64 High Entropy String",
        "filename": "packages/pi-sidecar/npm-shrinkwrap.json",
        "hashed_secret": "dea1d31f7858ce2ad14f63e0c5e214428c5f3277",
        "is_verified": false,
        "line_number": 3903
      },
      {
        "type": "Base64 High Entropy String",
        "filename": "packages/pi-sidecar/npm-shrinkwrap.json",
        "hashed_secret": "3dcea4ae3e0dad83c80052018ac6f82ad43ecdee",
        "is_verified": false,
        "line_number": 3928
      },
      {
        "type": "Base64 High Entropy String",
        "filename": "packages/pi-sidecar/npm-shrinkwrap.json",
        "hashed_secret": "1c7070947ddc901d7db416491cdbaf9dd771053e",
        "is_verified": false,
        "line_number": 3953
      },
      {
        "type": "Base64 High Entropy String",
        "filename": "packages/pi-sidecar/npm-shrinkwrap.json",
        "hashed_secret": "647ecda2e37a3ec11c3027d73b5a306bfc29f110",
        "is_verified": false,
        "line_number": 3978
      },
      {
        "type": "Base64 High Entropy String",
        "filename": "packages/pi-sidecar/npm-shrinkwrap.json",
        "hashed_secret": "1a26c217ab1a8da61e762bada60dd14d659922dc",
        "is_verified": false,
        "line_number": 4003
      },
      {
        "type": "Base64 High Entropy String",
        "filename": "packages/pi-sidecar/npm-shrinkwrap.json",
        "hashed_secret": "ce73f6031957225271dbe43c646b3f05501314a3",
        "is_verified": false,
        "line_number": 4028
      },
      {
        "type": "Base64 High Entropy String",
        "filename": "packages/pi-sidecar/npm-shrinkwrap.json",
        "hashed_secret": "7a151caae685fb3fe44b0bc51a29b8884004530b",
        "is_verified": false,
        "line_number": 4044
      },
      {
        "type": "Base64 High Entropy String",
        "filename": "packages/pi-sidecar/npm-shrinkwrap.json",
        "hashed_secret": "51cf261a95ce619717b68212295e16f83ef4f0d2",
        "is_verified": false,
        "line_number": 4063
      },
      {
        "type": "Base64 High Entropy String",
        "filename": "packages/pi-sidecar/npm-shrinkwrap.json",
        "hashed_secret": "66b75e091a46d70bd787c9f9578827dd422d7974",
        "is_verified": false,
        "line_number": 4082
      },
      {
        "type": "Base64 High Entropy String",
        "filename": "packages/pi-sidecar/npm-shrinkwrap.json",
        "hashed_secret": "eb0e6c17f44c26384465ac7fe3eb3be3855ec405",
        "is_verified": false,
        "line_number": 4101
      },
      {
        "type": "Base64 High Entropy String",
        "filename": "packages/pi-sidecar/npm-shrinkwrap.json",
        "hashed_secret": "f10a39e873a3e7e76a1e65d8ba601c6d8e2a79bc",
        "is_verified": false,
        "line_number": 4120
      },
      {
        "type": "Base64 High Entropy String",
        "filename": "packages/pi-sidecar/npm-shrinkwrap.json",
        "hashed_secret": "46c7b2ec4d9a912707b9349a1bd1f3e33a7573d4",
        "is_verified": false,
        "line_number": 4135
      },
      {
        "type": "Base64 High Entropy String",
        "filename": "packages/pi-sidecar/npm-shrinkwrap.json",
        "hashed_secret": "9a2dc7835507628e0b5efe4475ace3636e37fbe3",
        "is_verified": false,
        "line_number": 4195
      },
      {
        "type": "Base64 High Entropy String",
        "filename": "packages/pi-sidecar/npm-shrinkwrap.json",
        "hashed_secret": "1ed3925250ffe976379f13bc2c413c6cc490e93b",
        "is_verified": false,
        "line_number": 4201
      },
      {
        "type": "Base64 High Entropy String",
        "filename": "packages/pi-sidecar/npm-shrinkwrap.json",
        "hashed_secret": "7d2f0b1c74796b503d6764238f382dcc6086b46b",
        "is_verified": false,
        "line_number": 4211
      },
      {
        "type": "Base64 High Entropy String",
        "filename": "packages/pi-sidecar/npm-shrinkwrap.json",
        "hashed_secret": "f457bf0608f68377ff1e7e7ef435d7c731d2a08e",
        "is_verified": false,
        "line_number": 4224
      },
      {
        "type": "Base64 High Entropy String",
        "filename": "packages/pi-sidecar/npm-shrinkwrap.json",
        "hashed_secret": "0ed9876421d599caf1bd4868e254b6f6395297f2",
        "is_verified": false,
        "line_number": 4234
      },
      {
        "type": "Base64 High Entropy String",
        "filename": "packages/pi-sidecar/npm-shrinkwrap.json",
        "hashed_secret": "15953b6042d3b7fbebef3f9334fd91c8048dc306",
        "is_verified": false,
        "line_number": 4321
      },
      {
        "type": "Base64 High Entropy String",
        "filename": "packages/pi-sidecar/npm-shrinkwrap.json",
        "hashed_secret": "618a8148c9899b3b6bd69562f235038dc7953718",
        "is_verified": false,
        "line_number": 4336
      },
      {
        "type": "Base64 High Entropy String",
        "filename": "packages/pi-sidecar/npm-shrinkwrap.json",
        "hashed_secret": "80d31e23e48bc54591cfba8d7efe9758588e41ae",
        "is_verified": false,
        "line_number": 4345
      },
      {
        "type": "Base64 High Entropy String",
        "filename": "packages/pi-sidecar/npm-shrinkwrap.json",
        "hashed_secret": "9ad8a44104a76066a3d898937194ff7e0dfaa33e",
        "is_verified": false,
        "line_number": 4372
      },
      {
        "type": "Base64 High Entropy String",
        "filename": "packages/pi-sidecar/npm-shrinkwrap.json",
        "hashed_secret": "372d260fe819e2b369d4b3ade3b2c0ca55a4e4fe",
        "is_verified": false,
        "line_number": 4390
      },
      {
        "type": "Base64 High Entropy String",
        "filename": "packages/pi-sidecar/npm-shrinkwrap.json",
        "hashed_secret": "f5413b8db2104c03142531acba3079620a2ea737",
        "is_verified": false,
        "line_number": 4404
      },
      {
        "type": "Base64 High Entropy String",
        "filename": "packages/pi-sidecar/npm-shrinkwrap.json",
        "hashed_secret": "d7fdfa347d62a240e8a92b561975464add3f4c31",
        "is_verified": false,
        "line_number": 4418
      },
      {
        "type": "Base64 High Entropy String",
        "filename": "packages/pi-sidecar/npm-shrinkwrap.json",
        "hashed_secret": "72fdb8be8baf3a4d1e44daa91e22a78e656856c9",
        "is_verified": false,
        "line_number": 4442
      },
      {
        "type": "Base64 High Entropy String",
        "filename": "packages/pi-sidecar/npm-shrinkwrap.json",
        "hashed_secret": "5cf3efb9955cd954de9cfe1895189c59bee6409f",
        "is_verified": false,
        "line_number": 4448
      },
      {
        "type": "Base64 High Entropy String",
        "filename": "packages/pi-sidecar/npm-shrinkwrap.json",
        "hashed_secret": "726c6b2fc55fc7e43398bad6fe3ab209dfc7f703",
        "is_verified": false,
        "line_number": 4475
      },
      {
        "type": "Base64 High Entropy String",
        "filename": "packages/pi-sidecar/npm-shrinkwrap.json",
        "hashed_secret": "7e5c055edf35a2e35d03cf55cb830cdfb7881e00",
        "is_verified": false,
        "line_number": 4513
      },
      {
        "type": "Base64 High Entropy String",
        "filename": "packages/pi-sidecar/npm-shrinkwrap.json",
        "hashed_secret": "5a51aa449bb6a0b918407ac04dd0f4dcaf785821",
        "is_verified": false,
        "line_number": 4532
      },
      {
        "type": "Base64 High Entropy String",
        "filename": "packages/pi-sidecar/npm-shrinkwrap.json",
        "hashed_secret": "0d18d461f348476153b9b5741beda942f5b825fc",
        "is_verified": false,
        "line_number": 4580
      },
      {
        "type": "Base64 High Entropy String",
        "filename": "packages/pi-sidecar/npm-shrinkwrap.json",
        "hashed_secret": "25a47cccee07333d84961bddca66e8a6eca962e8",
        "is_verified": false,
        "line_number": 4597
      },
      {
        "type": "Base64 High Entropy String",
        "filename": "packages/pi-sidecar/npm-shrinkwrap.json",
        "hashed_secret": "bef68af5091abf3bd912b28fd2f8b438426dd79d",
        "is_verified": false,
        "line_number": 4614
      },
      {
        "type": "Base64 High Entropy String",
        "filename": "packages/pi-sidecar/npm-shrinkwrap.json",
        "hashed_secret": "74eaf87302a9ea0cc12cd9dcc35c6dd6ac9183f0",
        "is_verified": false,
        "line_number": 4623
      },
      {
        "type": "Base64 High Entropy String",
        "filename": "packages/pi-sidecar/npm-shrinkwrap.json",
        "hashed_secret": "57b7c8d688144dfa7ffde98b5cd3483976d1d6c6",
        "is_verified": false,
        "line_number": 4629
      },
      {
        "type": "Base64 High Entropy String",
        "filename": "packages/pi-sidecar/npm-shrinkwrap.json",
        "hashed_secret": "8bd7872a3fd4255c2eee24b81980779b3dfcf5ad",
        "is_verified": false,
        "line_number": 4635
      },
      {
        "type": "Base64 High Entropy String",
        "filename": "packages/pi-sidecar/npm-shrinkwrap.json",
        "hashed_secret": "6d1db030d72c8b03fd95eaeb0266255402f70df5",
        "is_verified": false,
        "line_number": 4671
      },
      {
        "type": "Base64 High Entropy String",
        "filename": "packages/pi-sidecar/npm-shrinkwrap.json",
        "hashed_secret": "cf75ddffbc923b32123e91e069fbcb97ac39c4d9",
        "is_verified": false,
        "line_number": 4680
      },
      {
        "type": "Base64 High Entropy String",
        "filename": "packages/pi-sidecar/npm-shrinkwrap.json",
        "hashed_secret": "48f543ec6c829029183c8ce7904f3873d2eb3045",
        "is_verified": false,
        "line_number": 4689
      },
      {
        "type": "Base64 High Entropy String",
        "filename": "packages/pi-sidecar/npm-shrinkwrap.json",
        "hashed_secret": "6c88ecf20f9dc070ee18f0cf59f58b0025f6ec55",
        "is_verified": false,
        "line_number": 4736
      },
      {
        "type": "Base64 High Entropy String",
        "filename": "packages/pi-sidecar/npm-shrinkwrap.json",
        "hashed_secret": "3b756c3f0b510144f5976d31585fd37a1554cfaf",
        "is_verified": false,
        "line_number": 4748
      },
      {
        "type": "Base64 High Entropy String",
        "filename": "packages/pi-sidecar/npm-shrinkwrap.json",
        "hashed_secret": "c0f64a532897bbd5497996fdfec7cfcd087540ce",
        "is_verified": false,
        "line_number": 4763
      },
      {
        "type": "Base64 High Entropy String",
        "filename": "packages/pi-sidecar/npm-shrinkwrap.json",
        "hashed_secret": "76c0c94e0cde08a7ff5fbb82c2268f53252c5fbf",
        "is_verified": false,
        "line_number": 4769
      },
      {
        "type": "Base64 High Entropy String",
        "filename": "packages/pi-sidecar/npm-shrinkwrap.json",
        "hashed_secret": "4fb28b14ff2c4dfd32138126666d09b3b4779da5",
        "is_verified": false,
        "line_number": 4781
      },
      {
        "type": "Base64 High Entropy String",
        "filename": "packages/pi-sidecar/npm-shrinkwrap.json",
        "hashed_secret": "7e1d085812721297b6a5540f3b2d9416d2f57efb",
        "is_verified": false,
        "line_number": 4787
      },
      {
        "type": "Base64 High Entropy String",
        "filename": "packages/pi-sidecar/npm-shrinkwrap.json",
        "hashed_secret": "75060f54608105bb266d25b69f60c59c2f8afc76",
        "is_verified": false,
        "line_number": 4796
      },
      {
        "type": "Base64 High Entropy String",
        "filename": "packages/pi-sidecar/npm-shrinkwrap.json",
        "hashed_secret": "99e5da76e0c92f7d06ca7f384cf3cb56c6d3bfb3",
        "is_verified": false,
        "line_number": 4828
      },
      {
        "type": "Base64 High Entropy String",
        "filename": "packages/pi-sidecar/npm-shrinkwrap.json",
        "hashed_secret": "d950cd8ef510429f57fb282e4a437321ca86158c",
        "is_verified": false,
        "line_number": 4846
      },
      {
        "type": "Base64 High Entropy String",
        "filename": "packages/pi-sidecar/npm-shrinkwrap.json",
        "hashed_secret": "96d537236e59fce07aa7ad59d25ec26e506a782f",
        "is_verified": false,
        "line_number": 4860
      },
      {
        "type": "Base64 High Entropy String",
        "filename": "packages/pi-sidecar/npm-shrinkwrap.json",
        "hashed_secret": "5d4566aba1ef8cbfd002650ef2882bdc62a1798a",
        "is_verified": false,
        "line_number": 4874
      },
      {
        "type": "Base64 High Entropy String",
        "filename": "packages/pi-sidecar/npm-shrinkwrap.json",
        "hashed_secret": "7c5f5a1582e3f5311ac7b984eb6ca5ac3f4798b1",
        "is_verified": false,
        "line_number": 4888
      },
      {
        "type": "Base64 High Entropy String",
        "filename": "packages/pi-sidecar/npm-shrinkwrap.json",
        "hashed_secret": "8001c0a43c08fe062fd978adfe8f0c735f09fa57",
        "is_verified": false,
        "line_number": 4905
      },
      {
        "type": "Base64 High Entropy String",
        "filename": "packages/pi-sidecar/npm-shrinkwrap.json",
        "hashed_secret": "02e0284eb156245f31588b15a5e90bf1f15220ed",
        "is_verified": false,
        "line_number": 4921
      },
      {
        "type": "Base64 High Entropy String",
        "filename": "packages/pi-sidecar/npm-shrinkwrap.json",
        "hashed_secret": "5641ef3764c81f2707ef5c7d576a6ab1c6148769",
        "is_verified": false,
        "line_number": 4938
      },
      {
        "type": "Base64 High Entropy String",
        "filename": "packages/pi-sidecar/npm-shrinkwrap.json",
        "hashed_secret": "979e2a14e4576c62a9748d7466bfa7f4f3a0620d",
        "is_verified": false,
        "line_number": 4947
      },
      {
        "type": "Base64 High Entropy String",
        "filename": "packages/pi-sidecar/npm-shrinkwrap.json",
        "hashed_secret": "8427bc60cab7667aa8dba25de5f3f6747e619b86",
        "is_verified": false,
        "line_number": 4959
      },
      {
        "type": "Base64 High Entropy String",
        "filename": "packages/pi-sidecar/npm-shrinkwrap.json",
        "hashed_secret": "71b8927fbe4bf203ff52222400dd33ee89aa77af",
        "is_verified": false,
        "line_number": 4965
      },
      {
        "type": "Base64 High Entropy String",
        "filename": "packages/pi-sidecar/npm-shrinkwrap.json",
        "hashed_secret": "2d6eff8bdc8c458731e9a8773a60ef0c21ab32a1",
        "is_verified": false,
        "line_number": 5044
      },
      {
        "type": "Base64 High Entropy String",
        "filename": "packages/pi-sidecar/npm-shrinkwrap.json",
        "hashed_secret": "2cb277435cb97d4859d0d0ae4d891a9f3cd17bef",
        "is_verified": false,
        "line_number": 5071
      },
      {
        "type": "Base64 High Entropy String",
        "filename": "packages/pi-sidecar/npm-shrinkwrap.json",
        "hashed_secret": "c4c6e5b69800922925a530321c24c084206a2d6b",
        "is_verified": false,
        "line_number": 5077
      },
      {
        "type": "Base64 High Entropy String",
        "filename": "packages/pi-sidecar/npm-shrinkwrap.json",
        "hashed_secret": "47c8a5181ca2f0cde321ed3fd032b7fecf8f9752",
        "is_verified": false,
        "line_number": 5089
      },
      {
        "type": "Base64 High Entropy String",
        "filename": "packages/pi-sidecar/npm-shrinkwrap.json",
        "hashed_secret": "945fb4ad08a123e1d0fc408747708630ad0f79d5",
        "is_verified": false,
        "line_number": 5095
      },
      {
        "type": "Base64 High Entropy String",
        "filename": "packages/pi-sidecar/npm-shrinkwrap.json",
        "hashed_secret": "563cc740e3f8f3749478a07df90ec463fd703f82",
        "is_verified": false,
        "line_number": 5151
      },
      {
        "type": "Base64 High Entropy String",
        "filename": "packages/pi-sidecar/npm-shrinkwrap.json",
        "hashed_secret": "eeab48d3659a2b89db72c039a2f4a9f34dc19d30",
        "is_verified": false,
        "line_number": 5160
      },
      {
        "type": "Base64 High Entropy String",
        "filename": "packages/pi-sidecar/npm-shrinkwrap.json",
        "hashed_secret": "d4b50d6f2e0bc4d66e97b38c2265d4f05d311319",
        "is_verified": false,
        "line_number": 5166
      },
      {
        "type": "Base64 High Entropy String",
        "filename": "packages/pi-sidecar/npm-shrinkwrap.json",
        "hashed_secret": "ecabbbc470f1bdb87d9a990d454d18cedd318b33",
        "is_verified": false,
        "line_number": 5183
      },
      {
        "type": "Base64 High Entropy String",
        "filename": "packages/pi-sidecar/npm-shrinkwrap.json",
        "hashed_secret": "e7fdaa9f95bdb92c8c4f6adc72f6989c3220821e",
        "is_verified": false,
        "line_number": 5197
      },
      {
        "type": "Base64 High Entropy String",
        "filename": "packages/pi-sidecar/npm-shrinkwrap.json",
        "hashed_secret": "ba31776ac362decba3327330649a5793c0cc3f90",
        "is_verified": false,
        "line_number": 5240
      },
      {
        "type": "Base64 High Entropy String",
        "filename": "packages/pi-sidecar/npm-shrinkwrap.json",
        "hashed_secret": "00de58afbf0d75a6b0ee628e1d6b7adc7e5d779c",
        "is_verified": false,
        "line_number": 5259
      },
      {
        "type": "Base64 High Entropy String",
        "filename": "packages/pi-sidecar/npm-shrinkwrap.json",
        "hashed_secret": "e01e6dcab00d4106004c494819bd5847abb8f99d",
        "is_verified": false,
        "line_number": 5268
      },
      {
        "type": "Base64 High Entropy String",
        "filename": "packages/pi-sidecar/npm-shrinkwrap.json",
        "hashed_secret": "110ef7ea45fb8b1fe4da5b5e937cb90fee294087",
        "is_verified": false,
        "line_number": 5287
      },
      {
        "type": "Base64 High Entropy String",
        "filename": "packages/pi-sidecar/npm-shrinkwrap.json",
        "hashed_secret": "8adf1a42977cfc2a68207298cbaeb6ce60da502d",
        "is_verified": false,
        "line_number": 5296
      },
      {
        "type": "Base64 High Entropy String",
        "filename": "packages/pi-sidecar/npm-shrinkwrap.json",
        "hashed_secret": "71d1c3efad33f90126d8a4035dbfd79166147b67",
        "is_verified": false,
        "line_number": 5313
      },
      {
        "type": "Base64 High Entropy String",
        "filename": "packages/pi-sidecar/npm-shrinkwrap.json",
        "hashed_secret": "3facad017c02c3c42cac57513e361833430185eb",
        "is_verified": false,
        "line_number": 5319
      },
      {
        "type": "Base64 High Entropy String",
        "filename": "packages/pi-sidecar/npm-shrinkwrap.json",
        "hashed_secret": "50097694d8feb047855e88d985dc7e113bd946b6",
        "is_verified": false,
        "line_number": 5359
      },
      {
        "type": "Base64 High Entropy String",
        "filename": "packages/pi-sidecar/npm-shrinkwrap.json",
        "hashed_secret": "5c664c9275b7f70202aab2488259c072ee1e692b",
        "is_verified": false,
        "line_number": 5381
      },
      {
        "type": "Base64 High Entropy String",
        "filename": "packages/pi-sidecar/npm-shrinkwrap.json",
        "hashed_secret": "bfed89a8cd1a3a894bd684e5af7201cbae88d591",
        "is_verified": false,
        "line_number": 5430
      },
      {
        "type": "Base64 High Entropy String",
        "filename": "packages/pi-sidecar/npm-shrinkwrap.json",
        "hashed_secret": "d7b83cc8ad1a47a030b84b766240dbb6bb8b8ba8",
        "is_verified": false,
        "line_number": 5436
      },
      {
        "type": "Base64 High Entropy String",
        "filename": "packages/pi-sidecar/npm-shrinkwrap.json",
        "hashed_secret": "df545d28fd43c6e80fdb83183f27fbdca3ebd374",
        "is_verified": false,
        "line_number": 5451
      },
      {
        "type": "Base64 High Entropy String",
        "filename": "packages/pi-sidecar/npm-shrinkwrap.json",
        "hashed_secret": "1cd2da65cad037921545ced1b59828f5d5166bbd",
        "is_verified": false,
        "line_number": 5500
      },
      {
        "type": "Base64 High Entropy String",
        "filename": "packages/pi-sidecar/npm-shrinkwrap.json",
        "hashed_secret": "858600993cae032512f7bd35820838660dccdcb0",
        "is_verified": false,
        "line_number": 5521
      },
      {
        "type": "Base64 High Entropy String",
        "filename": "packages/pi-sidecar/npm-shrinkwrap.json",
        "hashed_secret": "9f59bfb8626dba669486efe5265049e18246182e",
        "is_verified": false,
        "line_number": 5537
      },
      {
        "type": "Base64 High Entropy String",
        "filename": "packages/pi-sidecar/npm-shrinkwrap.json",
        "hashed_secret": "1ff51a4b73deb6dbdebe36f96f2ff370c6c78012",
        "is_verified": false,
        "line_number": 5548
      },
      {
        "type": "Base64 High Entropy String",
        "filename": "packages/pi-sidecar/npm-shrinkwrap.json",
        "hashed_secret": "8a0c7d833d2c8e8a4fcfc3ca85be0a2a04e130f0",
        "is_verified": false,
        "line_number": 5560
      },
      {
        "type": "Base64 High Entropy String",
        "filename": "packages/pi-sidecar/npm-shrinkwrap.json",
        "hashed_secret": "8dca636f3e31838ac756ccbbbdda00169a737cea",
        "is_verified": false,
        "line_number": 5572
      },
      {
        "type": "Base64 High Entropy String",
        "filename": "packages/pi-sidecar/npm-shrinkwrap.json",
        "hashed_secret": "f8467486313a31ed5fd897e593df5bc72a5fde6a",
        "is_verified": false,
        "line_number": 5581
      },
      {
        "type": "Base64 High Entropy String",
        "filename": "packages/pi-sidecar/npm-shrinkwrap.json",
        "hashed_secret": "760a1ab1ccd58329b931124694ce66d1442d6d83",
        "is_verified": false,
        "line_number": 5596
      },
      {
        "type": "Base64 High Entropy String",
        "filename": "packages/pi-sidecar/npm-shrinkwrap.json",
        "hashed_secret": "c92bd5ea1adc8473366255e53fbc3d881a105194",
        "is_verified": false,
        "line_number": 5608
      },
      {
        "type": "Base64 High Entropy String",
        "filename": "packages/pi-sidecar/npm-shrinkwrap.json",
        "hashed_secret": "2fbc63d4778138d3018607f31b0e6517dfb05f24",
        "is_verified": false,
        "line_number": 5626
      },
      {
        "type": "Base64 High Entropy String",
        "filename": "packages/pi-sidecar/npm-shrinkwrap.json",
        "hashed_secret": "8239574b4263502316ae4af75858c8537b8f9dc2",
        "is_verified": false,
        "line_number": 5644
      },
      {
        "type": "Base64 High Entropy String",
        "filename": "packages/pi-sidecar/npm-shrinkwrap.json",
        "hashed_secret": "5710ebd93f65545b849129362cc5dd7dafa9fa5d",
        "is_verified": false,
        "line_number": 5682
      },
      {
        "type": "Base64 High Entropy String",
        "filename": "packages/pi-sidecar/npm-shrinkwrap.json",
        "hashed_secret": "03c779a0d760e29b46783646237536941b53ef26",
        "is_verified": false,
        "line_number": 5703
      }
    ]
  },
  "generated_at": "2026-09-22T11:26:57Z"
}
